this:	blah
